stm32f4xx_it.c:74:6:NMI_Handler	0	static
stm32f4xx_it.c:89:6:HardFault_Handler	0	static
stm32f4xx_it.c:104:6:MemManage_Handler	0	static
stm32f4xx_it.c:119:6:BusFault_Handler	0	static
stm32f4xx_it.c:134:6:UsageFault_Handler	0	static
stm32f4xx_it.c:149:6:DebugMon_Handler	0	static
stm32f4xx_it.c:162:6:SysTick_Handler	8	static
stm32f4xx_it.c:191:6:ADC_IRQHandler	0	static
stm32f4xx_it.c:205:6:TIM1_CC_IRQHandler	0	static
stm32f4xx_it.c:219:6:TIM4_IRQHandler	0	static
stm32f4xx_it.c:233:6:USART3_IRQHandler	0	static
